exports[`<InstructionsSidebar /> should render InstructionsSidebar with summary 1`] = `
<div>
  <div>
    <div>
      <img
        alt="icon"
        src="http://placehold.it/40x40/1AC5C0/ffffff" />
    </div>
    <div>
      <h1>
        Optimize Job Position Requirements
      </h1>
    </div>
  </div>
  <div
    style={
      Object {
        "backgroundColor": "#DDF6F6",
        "fontFamily": "\"Lato\", sans-serif",
        "fontSize": "13px",
        "lineHeight": "11px",
        "padding": "0 0 30px",
      }
    }>
    <div
      style={
        Object {
          "alignItems": "flex-start",
          "display": "flex",
          "flexDirection": "column",
          "padding": "0 0 0 20px",
        }
      }>
      <p
        style={
          Object {
            "color": "#1f768a",
            "display": "inline-block",
            "fontSize": "13px",
            "fontWeight": 400,
            "lineHeight": "11px",
            "margin": "15px 0 20px",
            "textTransform": "uppercase",
          }
        }>
        Summary
      </p>
      <ul
        style={
          Object {
            "listStyle": "none",
            "margin": 0,
            "padding": 0,
            "width": "200px",
          }
        }>
        <li
          style={
            Object {
              "color": "#757575",
              "fontWeight": 400,
              "margin": "0 0 15px",
            }
          }>
          Senior UX/UI Designer
        </li>
        <li
          style={
            Object {
              "color": "#757575",
              "fontWeight": 300,
              "margin": "0 0 15px",
            }
          }>
          Airbnb HQ - San-Francisco
        </li>
        <li
          style={
            Object {
              "color": "#757575",
              "fontWeight": 300,
              "margin": "0 0 15px",
            }
          }>
          Hiring Workflow 1
        </li>
      </ul>
    </div>
  </div>
</div>
`;

exports[`<InstructionsSidebar /> should render InstructionsSidebar without summary 1`] = `
<div>
  <div>
    <div>
      <img
        alt="icon"
        src="http://placehold.it/115x115/1AC5C0/ffffff" />
    </div>
    <div>
      <h1>
        Tips for a winning description
      </h1>
    </div>
  </div>
</div>
`;
