exports[`<FilterResults /> should render show all companies correctly 1`] = `
<Table
  allRowsSelected={false}
  fixedFooter={true}
  fixedHeader={true}
  height="inherit"
  multiSelectable={false}
  onRowSelection={[Function]}
  selectable={true}>
  <TableHeader
    adjustForCheckbox={true}
    displaySelectAll={false}
    enableSelectAll={true}
    selectAllSelected={false}>
    <TableRow
      displayBorder={true}
      hoverable={false}
      hovered={false}
      selectable={true}
      selected={false}
      striped={false}>
      <TableHeaderColumn>
        Title
      </TableHeaderColumn>
      <TableHeaderColumn>
        Seniority
      </TableHeaderColumn>
      <TableHeaderColumn>
        Relations
      </TableHeaderColumn>
    </TableRow>
    <TableRow
      displayBorder={true}
      hoverable={false}
      hovered={false}
      selectable={true}
      selected={false}
      striped={false}>
      <TableRowColumn
        colSpan="3"
        hoverable={false}
        style={
          Object {
            "textAlign": "left",
          }
        }>
        Displaying 0 out of 0 Titles
      </TableRowColumn>
    </TableRow>
  </TableHeader>
  <TableBody
    allRowsSelected={false}
    deselectOnClickaway={false}
    displayRowCheckbox={true}
    multiSelectable={false}
    preScanRows={true}
    selectable={true}
    style={Object {}} />
</Table>
`;
